../Core/Src/main.c:130:17:cs	24	static
../Core/Src/main.c:94:5:main	24	static
../Core/Src/main.c:140:8:paket	64	static
../Core/Src/main.c:272:6:SystemClock_Config	72	static
../Core/Src/main.c:312:13:MX_I2C1_Init	8	static
../Core/Src/main.c:346:13:MX_I2C2_Init	8	static
../Core/Src/main.c:380:13:MX_TIM1_Init	32	static
../Core/Src/main.c:426:13:MX_USART1_UART_Init	8	static
../Core/Src/main.c:459:13:MX_USART2_UART_Init	8	static
../Core/Src/main.c:492:13:MX_GPIO_Init	40	static
../Core/Src/main.c:521:6:Error_Handler	4	static,ignoring_inline_asm
