../Core/Src/mpu6050.c:84:6:MPU6050_Init	32	static
../Core/Src/mpu6050.c:116:7:MPU6050_Temperature	32	static
../Core/Src/mpu6050.c:129:6:MPU6050_Accel_Config	32	static
../Core/Src/mpu6050.c:139:7:MPU6050_Read_Accel_X	8	static
../Core/Src/mpu6050.c:146:7:MPU6050_Read_Accel_Y	8	static
../Core/Src/mpu6050.c:153:7:MPU6050_Read_Accel_Z	8	static
../Core/Src/mpu6050.c:160:6:MPU6050_Gyro_Config	32	static
../Core/Src/mpu6050.c:170:7:MPU6050_Read_Gyro_X	8	static
../Core/Src/mpu6050.c:177:7:MPU6050_Read_Gyro_Y	8	static
../Core/Src/mpu6050.c:184:7:MPU6050_Read_Gyro_Z	8	static
../Core/Src/mpu6050.c:191:7:MPU6050_Roll_Angle	32	static
../Core/Src/mpu6050.c:200:7:MPU6050_Kalman_Roll_Angle	24	static
../Core/Src/mpu6050.c:213:8:MPU6050_Kalman_Accel_X	24	static
../Core/Src/mpu6050.c:226:8:MPU6050_Kalman_Accel_Y	24	static
../Core/Src/mpu6050.c:239:8:MPU6050_Kalman_Accel_Z	24	static
../Core/Src/mpu6050.c:252:8:MPU6050_Kalman_Gyro_X	24	static
../Core/Src/mpu6050.c:265:8:MPU6050_Kalman_Gyro_Y	24	static
../Core/Src/mpu6050.c:278:8:MPU6050_Kalman_Gyro_Z	24	static
../Core/Src/mpu6050.c:291:7:MPU6050_Kalman_Temp	24	static
